MPLINK 5.08, LINKER
Linker Map File - Created Mon Mar 13 16:24:47 2017

                                 Section Info
                  Section       Type    Address   Location Size(Bytes)
                ---------  ---------  ---------  ---------  ---------
                   .org_0       code   0x000000    program   0x000048
                   .cinit    romdata   0x000024    program   0x000004
.config_2007_BUILD/DEFAULT/PRODUCTION/PUERTOS       code   0x002007    program   0x000002
.config_2008_BUILD/DEFAULT/PRODUCTION/PUERTOS       code   0x002008    program   0x000002



                              Program Memory Usage 
                               Start         End      
                           ---------   ---------      
                            0x000000    0x000025      
                            0x002007    0x002008      
            40 out of 8455 program addresses used, program memory utilization is 0%



                              Symbols - Sorted by Name
                     Name    Address   Location    Storage File                     
                ---------  ---------  ---------  --------- ---------                
             Retardo_50mS   0x000017    program     static D:\Electronic Engineering\MicroC\Config_Puertos\Config_Puertos.X\Retardos.inc
             _.org_0_001E   0x00001e    program     static D:\Electronic Engineering\MicroC\Config_Puertos\Config_Puertos.X\Retardos.inc
                    ciclo   0x000002    program     static D:\Electronic Engineering\MicroC\Config_Puertos\Config_Puertos.X\Puertos.asm
                   ciclo1   0x00001b    program     static D:\Electronic Engineering\MicroC\Config_Puertos\Config_Puertos.X\Retardos.inc
                   ciclo2   0x000019    program     static D:\Electronic Engineering\MicroC\Config_Puertos\Config_Puertos.X\Retardos.inc
                 osc_conf   0x000005    program     static D:\Electronic Engineering\MicroC\Config_Puertos\Config_Puertos.X\CONFIGURACION.inc
                port_conf   0x00000c    program     static D:\Electronic Engineering\MicroC\Config_Puertos\Config_Puertos.X\CONFIGURACION.inc



                              Symbols - Sorted by Address
                     Name    Address   Location    Storage File                     
                ---------  ---------  ---------  --------- ---------                
                    ciclo   0x000002    program     static D:\Electronic Engineering\MicroC\Config_Puertos\Config_Puertos.X\Puertos.asm
                 osc_conf   0x000005    program     static D:\Electronic Engineering\MicroC\Config_Puertos\Config_Puertos.X\CONFIGURACION.inc
                port_conf   0x00000c    program     static D:\Electronic Engineering\MicroC\Config_Puertos\Config_Puertos.X\CONFIGURACION.inc
             Retardo_50mS   0x000017    program     static D:\Electronic Engineering\MicroC\Config_Puertos\Config_Puertos.X\Retardos.inc
                   ciclo2   0x000019    program     static D:\Electronic Engineering\MicroC\Config_Puertos\Config_Puertos.X\Retardos.inc
                   ciclo1   0x00001b    program     static D:\Electronic Engineering\MicroC\Config_Puertos\Config_Puertos.X\Retardos.inc
             _.org_0_001E   0x00001e    program     static D:\Electronic Engineering\MicroC\Config_Puertos\Config_Puertos.X\Retardos.inc


